#Cluster   Frames     Frac  AvgDist    Stdev Centroid AvgCDist
       0     2008    0.285    1.749    0.127     2958    1.969
       1     1182    0.168    1.717    0.145     6275    2.098
       2      796    0.113    1.722    0.145     1531    2.038
       3      735    0.104    1.669    0.139     5537    2.084
       4      663    0.094    1.701    0.155     4721    2.044
       5      510    0.072    1.655    0.130     3705    2.005
       6      423    0.060    1.644    0.152      585    2.053
       7      375    0.053    1.631    0.137      108    2.051
       8      339    0.048    1.691    0.150     4368    2.024
       9       13    0.002    0.000    0.000     2110    2.111
